[2m18:52:33[22m [31m[1m[vite][22m[39m [31mInternal server error: Element is missing end tag.[39m
  Plugin: [35mvite:vue[39m
  File: [36mC:/Users/huangjin/Desktop/gd/web-component/src/components/AiIntegrationPage.vue[39m:238:1
[33m  236|  </script>
  237|  
  238|  <script setup lang="ts">
     |   ^
  239|  import { computed, onMounted, ref, watch } from 'vue'
  240|  import { ElMessage } from 'element-plus'[39m
      at createCompilerError (C:\Users\huangjin\Desktop\gd\web-component\node_modules\@vue\compiler-core\dist\compiler-core.cjs.js:1378:17)
      at emitError (C:\Users\huangjin\Desktop\gd\web-component\node_modules\@vue\compiler-core\dist\compiler-core.cjs.js:3014:5)
      at Object.onend (C:\Users\huangjin\Desktop\gd\web-component\node_modules\@vue\compiler-core\dist\compiler-core.cjs.js:2616:7)
      at Tokenizer.finish (C:\Users\huangjin\Desktop\gd\web-component\node_modules\@vue\compiler-core\dist\compiler-core.cjs.js:1246:14)
      at Tokenizer.parse (C:\Users\huangjin\Desktop\gd\web-component\node_modules\@vue\compiler-core\dist\compiler-core.cjs.js:1224:10)
      at Object.baseParse (C:\Users\huangjin\Desktop\gd\web-component\node_modules\@vue\compiler-core\dist\compiler-core.cjs.js:3053:13)
      at Object.parse (C:\Users\huangjin\Desktop\gd\web-component\node_modules\@vue\compiler-dom\dist\compiler-dom.cjs.js:910:23)
      at Object.parse$1 [as parse] (C:\Users\huangjin\Desktop\gd\web-component\node_modules\@vue\compiler-sfc\dist\compiler-sfc.cjs.js:1824:24)
      at createDescriptor (file:///C:/Users/huangjin/Desktop/gd/web-component/node_modules/@vitejs/plugin-vue/dist/index.mjs:71:43)
      at transformMain (file:///C:/Users/huangjin/Desktop/gd/web-component/node_modules/@vitejs/plugin-vue/dist/index.mjs:2421:34)
[2m18:58:30[22m [31m[1m[vite][22m[39m [31mInternal server error: Element is missing end tag.[39m
  Plugin: [35mvite:vue[39m
  File: [36mC:/Users/huangjin/Desktop/gd/web-component/src/components/AiIntegrationPage.vue[39m:238:1
[33m  236|  </script>
  237|  
  238|  <script setup lang="ts">
     |   ^
  239|  import { computed, onMounted, ref, watch } from 'vue'
  240|  import { ElMessage } from 'element-plus'[39m
      at createCompilerError (C:\Users\huangjin\Desktop\gd\web-component\node_modules\@vue\compiler-core\dist\compiler-core.cjs.js:1378:17)
      at emitError (C:\Users\huangjin\Desktop\gd\web-component\node_modules\@vue\compiler-core\dist\compiler-core.cjs.js:3014:5)
      at Object.onend (C:\Users\huangjin\Desktop\gd\web-component\node_modules\@vue\compiler-core\dist\compiler-core.cjs.js:2616:7)
      at Tokenizer.finish (C:\Users\huangjin\Desktop\gd\web-component\node_modules\@vue\compiler-core\dist\compiler-core.cjs.js:1246:14)
      at Tokenizer.parse (C:\Users\huangjin\Desktop\gd\web-component\node_modules\@vue\compiler-core\dist\compiler-core.cjs.js:1224:10)
      at Object.baseParse (C:\Users\huangjin\Desktop\gd\web-component\node_modules\@vue\compiler-core\dist\compiler-core.cjs.js:3053:13)
      at Object.parse (C:\Users\huangjin\Desktop\gd\web-component\node_modules\@vue\compiler-dom\dist\compiler-dom.cjs.js:910:23)
      at Object.parse$1 [as parse] (C:\Users\huangjin\Desktop\gd\web-component\node_modules\@vue\compiler-sfc\dist\compiler-sfc.cjs.js:1824:24)
      at createDescriptor (file:///C:/Users/huangjin/Desktop/gd/web-component/node_modules/@vitejs/plugin-vue/dist/index.mjs:71:43)
      at transformMain (file:///C:/Users/huangjin/Desktop/gd/web-component/node_modules/@vitejs/plugin-vue/dist/index.mjs:2421:34)
[2m19:55:46[22m [31m[1m[vite][22m[39m [31m[2m(client)[22m[39m Pre-transform error: Failed to load url /src/components/AiIntegrationPage.vue (resolved id: C:/Users/huangjin/Desktop/gd/web-component/src/components/AiIntegrationPage.vue) in C:/Users/huangjin/Desktop/gd/web-component/src/App.vue. Does the file exist?
